BEFORE:
Fake Database.
All Customers {

    Customer {
        externalId='12345'
        masterExternalId='null'
        companyNumber='470813-8895'
        internalId='45435'
        name='null'
        customerType=COMPANY
        preferredStore='null'
        address='null'
        shoppingLists=[]
    }

}
All Shopping Lists{
[]
}
SYNCING THIS:
Consumer {
    externalId='12345'
    companyNumber='470813-8895'
    name='Standard Consumer'
    preferredStore='Nordstan'
    address='123 main st, SE-123 45 Helsingborg'
    shoppingLists=[[lipstick, blusher]]}
AFTER:
Fake Database.
All Customers {

    Customer {
        externalId='12345'
        masterExternalId='null'
        companyNumber='470813-8895'
        internalId='45435'
        name='Standard Consumer'
        customerType=COMPANY
        preferredStore='Nordstan'
        address='123 main st, SE-123 45 Helsingborg'
        shoppingLists=[[lipstick, blusher]]
    }

}
All Shopping Lists{
[[lipstick, blusher]]
}